test rolenames                    ... ok          175 ms
test alter_system_table           ... ok           66 ms
test role_membership              ... FAILED      446 ms
